0 verbose cli /usr/bin/node-22 /usr/local/lib/node_modules/npm/bin/npm-cli.js
1 info using npm@9.7.1
2 info using node@v22.22.0
3 timing npm:load:whichnode Completed in 1ms
4 timing config:load:defaults Completed in 1ms
5 timing config:load:file:/usr/local/lib/node_modules/npm/npmrc Completed in 1ms
6 timing config:load:builtin Completed in 1ms
7 timing config:load:cli Completed in 2ms
8 timing config:load:env Completed in 0ms
9 timing config:load:file:/home/maciek/google-chat/.npmrc Completed in 0ms
10 timing config:load:project Completed in 4ms
11 timing config:load:file:/home/maciek/.npmrc Completed in 0ms
12 timing config:load:user Completed in 0ms
13 timing config:load:file:/usr/etc/npmrc Completed in 0ms
14 timing config:load:global Completed in 0ms
15 timing config:load:setEnvs Completed in 0ms
16 timing config:load Completed in 9ms
17 timing npm:load:configload Completed in 9ms
18 timing config:load:flatten Completed in 2ms
19 timing npm:load:mkdirpcache Completed in 2ms
20 timing npm:load:mkdirplogs Completed in 1ms
21 verbose title npm exec create-tauri-app@latest --help
22 verbose argv "exec" "--yes" "--" "create-tauri-app@latest" "--help"
23 timing npm:load:setTitle Completed in 0ms
24 timing npm:load:display Completed in 1ms
25 verbose logfile logs-max:10 dir:/home/maciek/google-chat/.npm/_logs/2026-04-18T20_22_01_652Z-
26 verbose logfile /home/maciek/google-chat/.npm/_logs/2026-04-18T20_22_01_652Z-debug-0.log
27 timing npm:load:logFile Completed in 8ms
28 timing npm:load:timers Completed in 0ms
29 timing npm:load:configScope Completed in 0ms
30 timing npm:load Completed in 39ms
31 timing arborist:ctor Completed in 1ms
32 silly logfile done cleaning log files
33 http fetch GET 200 https://registry.npmjs.org/create-tauri-app 110ms (cache miss)
34 timing arborist:ctor Completed in 0ms
35 timing arborist:ctor Completed in 0ms
36 timing arborist:ctor Completed in 0ms
37 timing idealTree:init Completed in 4ms
38 timing idealTree:userRequests Completed in 1ms
39 silly idealTree buildDeps
40 silly fetch manifest create-tauri-app@4.6.2
41 http fetch GET 200 https://registry.npmjs.org/create-tauri-app 7ms (cache hit)
42 silly placeDep ROOT create-tauri-app@4.6.2 OK for:  want: 4.6.2
43 silly fetch manifest create-tauri-app-win32-x64-msvc@4.6.2
44 silly fetch manifest create-tauri-app-darwin-x64@4.6.2
45 silly fetch manifest create-tauri-app-linux-x64-gnu@4.6.2
46 silly fetch manifest create-tauri-app-darwin-universal@4.6.2
47 silly fetch manifest create-tauri-app-darwin-arm64@4.6.2
48 silly fetch manifest create-tauri-app-linux-arm64-gnu@4.6.2
49 silly fetch manifest create-tauri-app-linux-arm64-musl@4.6.2
50 silly fetch manifest create-tauri-app-linux-arm-gnueabihf@4.6.2
51 silly fetch manifest create-tauri-app-linux-x64-musl@4.6.2
52 silly fetch manifest create-tauri-app-win32-ia32-msvc@4.6.2
53 silly fetch manifest create-tauri-app-win32-arm64-msvc@4.6.2
54 http fetch GET 200 https://registry.npmjs.org/npm 193ms (cache miss)
55 http fetch GET 200 https://registry.npmjs.org/create-tauri-app-darwin-x64 246ms (cache miss)
56 http fetch GET 200 https://registry.npmjs.org/create-tauri-app-win32-x64-msvc 254ms (cache miss)
57 http fetch GET 200 https://registry.npmjs.org/create-tauri-app-linux-x64-musl 290ms (cache miss)
58 http fetch GET 200 https://registry.npmjs.org/create-tauri-app-linux-arm64-musl 294ms (cache miss)
59 http fetch GET 200 https://registry.npmjs.org/create-tauri-app-linux-x64-gnu 315ms (cache miss)
60 http fetch GET 200 https://registry.npmjs.org/create-tauri-app-win32-arm64-msvc 322ms (cache miss)
61 http fetch GET 200 https://registry.npmjs.org/create-tauri-app-darwin-arm64 329ms (cache miss)
62 http fetch GET 200 https://registry.npmjs.org/create-tauri-app-win32-ia32-msvc 329ms (cache miss)
63 http fetch GET 200 https://registry.npmjs.org/create-tauri-app-linux-arm64-gnu 643ms (cache miss)
64 http fetch GET 200 https://registry.npmjs.org/create-tauri-app-linux-arm-gnueabihf 645ms (cache miss)
65 http fetch GET 200 https://registry.npmjs.org/create-tauri-app-darwin-universal 649ms (cache miss)
66 timing idealTree:#root Completed in 664ms
67 silly placeDep ROOT create-tauri-app-darwin-arm64@4.6.2 OK for: create-tauri-app@4.6.2 want: 4.6.2
68 silly placeDep ROOT create-tauri-app-darwin-universal@4.6.2 OK for: create-tauri-app@4.6.2 want: 4.6.2
69 silly placeDep ROOT create-tauri-app-darwin-x64@4.6.2 OK for: create-tauri-app@4.6.2 want: 4.6.2
70 silly placeDep ROOT create-tauri-app-linux-arm-gnueabihf@4.6.2 OK for: create-tauri-app@4.6.2 want: 4.6.2
71 silly placeDep ROOT create-tauri-app-linux-arm64-gnu@4.6.2 OK for: create-tauri-app@4.6.2 want: 4.6.2
72 silly placeDep ROOT create-tauri-app-linux-arm64-musl@4.6.2 OK for: create-tauri-app@4.6.2 want: 4.6.2
73 silly placeDep ROOT create-tauri-app-linux-x64-gnu@4.6.2 OK for: create-tauri-app@4.6.2 want: 4.6.2
74 silly placeDep ROOT create-tauri-app-linux-x64-musl@4.6.2 OK for: create-tauri-app@4.6.2 want: 4.6.2
75 silly placeDep ROOT create-tauri-app-win32-arm64-msvc@4.6.2 OK for: create-tauri-app@4.6.2 want: 4.6.2
76 silly placeDep ROOT create-tauri-app-win32-ia32-msvc@4.6.2 OK for: create-tauri-app@4.6.2 want: 4.6.2
77 silly placeDep ROOT create-tauri-app-win32-x64-msvc@4.6.2 OK for: create-tauri-app@4.6.2 want: 4.6.2
78 timing idealTree:node_modules/create-tauri-app Completed in 10ms
79 timing idealTree:node_modules/create-tauri-app-darwin-arm64 Completed in 0ms
80 timing idealTree:node_modules/create-tauri-app-darwin-universal Completed in 0ms
81 timing idealTree:node_modules/create-tauri-app-darwin-x64 Completed in 0ms
82 timing idealTree:node_modules/create-tauri-app-linux-arm-gnueabihf Completed in 0ms
83 timing idealTree:node_modules/create-tauri-app-linux-arm64-gnu Completed in 0ms
84 timing idealTree:node_modules/create-tauri-app-linux-arm64-musl Completed in 0ms
85 timing idealTree:node_modules/create-tauri-app-linux-x64-gnu Completed in 0ms
86 timing idealTree:node_modules/create-tauri-app-linux-x64-musl Completed in 0ms
87 timing idealTree:node_modules/create-tauri-app-win32-arm64-msvc Completed in 0ms
88 timing idealTree:node_modules/create-tauri-app-win32-ia32-msvc Completed in 0ms
89 timing idealTree:node_modules/create-tauri-app-win32-x64-msvc Completed in 0ms
90 timing idealTree:buildDeps Completed in 676ms
91 timing idealTree:fixDepFlags Completed in 0ms
92 timing idealTree Completed in 682ms
93 timing reify:loadTrees Completed in 682ms
94 timing reify:diffTrees Completed in 1ms
95 silly reify moves {}
96 timing reify:retireShallow Completed in 0ms
97 timing reify:createSparse Completed in 1ms
98 timing reify:loadBundles Completed in 0ms
99 silly audit bulk request {
99 silly audit   'create-tauri-app': [ '4.6.2' ],
99 silly audit   'create-tauri-app-darwin-arm64': [ '4.6.2' ],
99 silly audit   'create-tauri-app-darwin-universal': [ '4.6.2' ],
99 silly audit   'create-tauri-app-darwin-x64': [ '4.6.2' ],
99 silly audit   'create-tauri-app-linux-arm-gnueabihf': [ '4.6.2' ],
99 silly audit   'create-tauri-app-linux-arm64-gnu': [ '4.6.2' ],
99 silly audit   'create-tauri-app-linux-arm64-musl': [ '4.6.2' ],
99 silly audit   'create-tauri-app-linux-x64-gnu': [ '4.6.2' ],
99 silly audit   'create-tauri-app-linux-x64-musl': [ '4.6.2' ],
99 silly audit   'create-tauri-app-win32-arm64-msvc': [ '4.6.2' ],
99 silly audit   'create-tauri-app-win32-ia32-msvc': [ '4.6.2' ],
99 silly audit   'create-tauri-app-win32-x64-msvc': [ '4.6.2' ]
99 silly audit }
100 verbose reify failed optional dependency /home/maciek/google-chat/.npm/_npx/7b1d68f041a84c52/node_modules/create-tauri-app-win32-x64-msvc
101 silly reify mark deleted [
101 silly reify   '/home/maciek/google-chat/.npm/_npx/7b1d68f041a84c52/node_modules/create-tauri-app-win32-x64-msvc'
101 silly reify ]
102 verbose reify failed optional dependency /home/maciek/google-chat/.npm/_npx/7b1d68f041a84c52/node_modules/create-tauri-app-win32-ia32-msvc
103 silly reify mark deleted [
103 silly reify   '/home/maciek/google-chat/.npm/_npx/7b1d68f041a84c52/node_modules/create-tauri-app-win32-ia32-msvc'
103 silly reify ]
104 verbose reify failed optional dependency /home/maciek/google-chat/.npm/_npx/7b1d68f041a84c52/node_modules/create-tauri-app-win32-arm64-msvc
105 silly reify mark deleted [
105 silly reify   '/home/maciek/google-chat/.npm/_npx/7b1d68f041a84c52/node_modules/create-tauri-app-win32-arm64-msvc'
105 silly reify ]
106 verbose reify failed optional dependency /home/maciek/google-chat/.npm/_npx/7b1d68f041a84c52/node_modules/create-tauri-app-linux-arm64-musl
107 silly reify mark deleted [
107 silly reify   '/home/maciek/google-chat/.npm/_npx/7b1d68f041a84c52/node_modules/create-tauri-app-linux-arm64-musl'
107 silly reify ]
108 verbose reify failed optional dependency /home/maciek/google-chat/.npm/_npx/7b1d68f041a84c52/node_modules/create-tauri-app-linux-arm64-gnu
109 silly reify mark deleted [
109 silly reify   '/home/maciek/google-chat/.npm/_npx/7b1d68f041a84c52/node_modules/create-tauri-app-linux-arm64-gnu'
109 silly reify ]
110 verbose reify failed optional dependency /home/maciek/google-chat/.npm/_npx/7b1d68f041a84c52/node_modules/create-tauri-app-linux-arm-gnueabihf
111 silly reify mark deleted [
111 silly reify   '/home/maciek/google-chat/.npm/_npx/7b1d68f041a84c52/node_modules/create-tauri-app-linux-arm-gnueabihf'
111 silly reify ]
112 verbose reify failed optional dependency /home/maciek/google-chat/.npm/_npx/7b1d68f041a84c52/node_modules/create-tauri-app-darwin-x64
113 silly reify mark deleted [
113 silly reify   '/home/maciek/google-chat/.npm/_npx/7b1d68f041a84c52/node_modules/create-tauri-app-darwin-x64'
113 silly reify ]
114 verbose reify failed optional dependency /home/maciek/google-chat/.npm/_npx/7b1d68f041a84c52/node_modules/create-tauri-app-darwin-universal
115 silly reify mark deleted [
115 silly reify   '/home/maciek/google-chat/.npm/_npx/7b1d68f041a84c52/node_modules/create-tauri-app-darwin-universal'
115 silly reify ]
116 verbose reify failed optional dependency /home/maciek/google-chat/.npm/_npx/7b1d68f041a84c52/node_modules/create-tauri-app-darwin-arm64
117 silly reify mark deleted [
117 silly reify   '/home/maciek/google-chat/.npm/_npx/7b1d68f041a84c52/node_modules/create-tauri-app-darwin-arm64'
117 silly reify ]
118 timing reifyNode:node_modules/create-tauri-app-win32-x64-msvc Completed in 6ms
119 timing reifyNode:node_modules/create-tauri-app-win32-ia32-msvc Completed in 5ms
120 timing reifyNode:node_modules/create-tauri-app-win32-arm64-msvc Completed in 5ms
121 timing reifyNode:node_modules/create-tauri-app-linux-arm64-musl Completed in 5ms
122 timing reifyNode:node_modules/create-tauri-app-linux-arm64-gnu Completed in 5ms
123 timing reifyNode:node_modules/create-tauri-app-linux-arm-gnueabihf Completed in 5ms
124 timing reifyNode:node_modules/create-tauri-app-darwin-x64 Completed in 5ms
125 timing reifyNode:node_modules/create-tauri-app-darwin-universal Completed in 5ms
126 timing reifyNode:node_modules/create-tauri-app-darwin-arm64 Completed in 5ms
127 silly tarball no local data for create-tauri-app-linux-x64-musl@https://registry.npmjs.org/create-tauri-app-linux-x64-musl/-/create-tauri-app-linux-x64-musl-4.6.2.tgz. Extracting by manifest.
128 silly tarball no local data for create-tauri-app-linux-x64-gnu@https://registry.npmjs.org/create-tauri-app-linux-x64-gnu/-/create-tauri-app-linux-x64-gnu-4.6.2.tgz. Extracting by manifest.
129 silly tarball no local data for create-tauri-app@https://registry.npmjs.org/create-tauri-app/-/create-tauri-app-4.6.2.tgz. Extracting by manifest.
130 http fetch GET 200 https://registry.npmjs.org/create-tauri-app/-/create-tauri-app-4.6.2.tgz 54ms (cache miss)
131 timing reifyNode:node_modules/create-tauri-app Completed in 65ms
132 http fetch GET 200 https://registry.npmjs.org/create-tauri-app-linux-x64-musl/-/create-tauri-app-linux-x64-musl-4.6.2.tgz 134ms (cache miss)
133 timing reifyNode:node_modules/create-tauri-app-linux-x64-musl Completed in 144ms
134 http fetch GET 200 https://registry.npmjs.org/create-tauri-app-linux-x64-gnu/-/create-tauri-app-linux-x64-gnu-4.6.2.tgz 138ms (cache miss)
135 timing reifyNode:node_modules/create-tauri-app-linux-x64-gnu Completed in 149ms
136 timing reify:unpack Completed in 151ms
137 timing reify:unretire Completed in 1ms
138 timing build:queue Completed in 1ms
139 timing build:link:node_modules/create-tauri-app Completed in 2ms
140 timing build:link Completed in 2ms
141 timing build:deps Completed in 3ms
142 timing build Completed in 3ms
143 timing reify:build Completed in 3ms
144 timing reify:trash Completed in 0ms
145 timing reify:save Completed in 8ms
146 http fetch POST 200 https://registry.npmjs.org/-/npm/v1/security/advisories/bulk 244ms
147 timing auditReport:getReport Completed in 245ms
148 silly audit report {}
149 timing auditReport:init Completed in 0ms
150 timing reify:audit Completed in 245ms
151 timing reify Completed in 933ms
152 timing command:exec Completed in 1182ms
153 notice
153 notice New major version of npm available! 9.7.1 -> 11.12.1
153 notice Changelog: https://github.com/npm/cli/releases/tag/v11.12.1
153 notice Run npm install -g npm@11.12.1 to update!
153 notice
154 verbose exit 0
155 timing npm Completed in 1337ms
156 info ok
