0 verbose cli /usr/bin/node-22 /usr/local/lib/node_modules/npm/bin/npm-cli.js
1 info using npm@9.7.1
2 info using node@v22.22.0
3 timing npm:load:whichnode Completed in 1ms
4 timing config:load:defaults Completed in 2ms
5 timing config:load:file:/usr/local/lib/node_modules/npm/npmrc Completed in 1ms
6 timing config:load:builtin Completed in 1ms
7 timing config:load:cli Completed in 2ms
8 timing config:load:env Completed in 0ms
9 timing config:load:file:/home/maciek/google-chat/.npmrc Completed in 0ms
10 timing config:load:project Completed in 3ms
11 timing config:load:file:/home/maciek/.npmrc Completed in 0ms
12 timing config:load:user Completed in 1ms
13 timing config:load:file:/usr/etc/npmrc Completed in 0ms
14 timing config:load:global Completed in 0ms
15 timing config:load:setEnvs Completed in 1ms
16 timing config:load Completed in 10ms
17 timing npm:load:configload Completed in 10ms
18 timing config:load:flatten Completed in 2ms
19 timing npm:load:mkdirpcache Completed in 2ms
20 timing npm:load:mkdirplogs Completed in 0ms
21 verbose title npm exec create-vite@latest . --template vanilla
22 verbose argv "exec" "--yes" "--" "create-vite@latest" "." "--template" "vanilla"
23 timing npm:load:setTitle Completed in 1ms
24 timing npm:load:display Completed in 0ms
25 verbose logfile logs-max:10 dir:/home/maciek/google-chat/.npm/_logs/2026-04-18T20_29_45_067Z-
26 verbose logfile /home/maciek/google-chat/.npm/_logs/2026-04-18T20_29_45_067Z-debug-0.log
27 timing npm:load:logFile Completed in 8ms
28 timing npm:load:timers Completed in 0ms
29 timing npm:load:configScope Completed in 0ms
30 timing npm:load Completed in 37ms
31 silly logfile done cleaning log files
32 timing arborist:ctor Completed in 1ms
33 http fetch GET 200 https://registry.npmjs.org/create-vite 105ms (cache miss)
34 timing arborist:ctor Completed in 0ms
35 timing arborist:ctor Completed in 0ms
36 timing arborist:ctor Completed in 0ms
37 timing idealTree:init Completed in 3ms
38 timing idealTree:userRequests Completed in 1ms
39 silly idealTree buildDeps
40 silly fetch manifest create-vite@9.0.4
41 http fetch GET 200 https://registry.npmjs.org/create-vite 6ms (cache hit)
42 silly placeDep ROOT create-vite@9.0.4 OK for:  want: 9.0.4
43 timing idealTree:#root Completed in 12ms
44 timing idealTree:node_modules/create-vite Completed in 0ms
45 timing idealTree:buildDeps Completed in 13ms
46 timing idealTree:fixDepFlags Completed in 1ms
47 timing idealTree Completed in 18ms
48 timing reify:loadTrees Completed in 19ms
49 timing reify:diffTrees Completed in 1ms
50 silly reify moves {}
51 timing reify:retireShallow Completed in 1ms
52 timing reify:createSparse Completed in 0ms
53 timing reify:loadBundles Completed in 0ms
54 silly audit bulk request { 'create-vite': [ '9.0.4' ] }
55 silly tarball no local data for create-vite@https://registry.npmjs.org/create-vite/-/create-vite-9.0.4.tgz. Extracting by manifest.
56 http fetch GET 200 https://registry.npmjs.org/create-vite/-/create-vite-9.0.4.tgz 144ms (cache miss)
57 timing reifyNode:node_modules/create-vite Completed in 152ms
58 timing reify:unpack Completed in 152ms
59 timing reify:unretire Completed in 0ms
60 timing build:queue Completed in 0ms
61 timing build:link:node_modules/create-vite Completed in 2ms
62 timing build:link Completed in 2ms
63 timing build:deps Completed in 2ms
64 timing build Completed in 2ms
65 timing reify:build Completed in 2ms
66 timing reify:trash Completed in 0ms
67 timing reify:save Completed in 3ms
68 http fetch POST 200 https://registry.npmjs.org/-/npm/v1/security/advisories/bulk 239ms
69 timing auditReport:getReport Completed in 240ms
70 silly audit report {}
71 timing auditReport:init Completed in 0ms
72 timing reify:audit Completed in 240ms
73 timing reify Completed in 263ms
