0 verbose cli /usr/bin/node-22 /usr/local/lib/node_modules/npm/bin/npm-cli.js
1 info using npm@9.7.1
2 info using node@v22.22.0
3 timing npm:load:whichnode Completed in 1ms
4 timing config:load:defaults Completed in 1ms
5 timing config:load:file:/usr/local/lib/node_modules/npm/npmrc Completed in 1ms
6 timing config:load:builtin Completed in 2ms
7 timing config:load:cli Completed in 2ms
8 timing config:load:env Completed in 0ms
9 timing config:load:file:/home/maciek/google-chat/.npmrc Completed in 0ms
10 timing config:load:project Completed in 2ms
11 timing config:load:file:/home/maciek/.npmrc Completed in 0ms
12 timing config:load:user Completed in 0ms
13 timing config:load:file:/usr/etc/npmrc Completed in 0ms
14 timing config:load:global Completed in 1ms
15 timing config:load:setEnvs Completed in 0ms
16 timing config:load Completed in 9ms
17 timing npm:load:configload Completed in 9ms
18 timing config:load:flatten Completed in 2ms
19 timing npm:load:mkdirpcache Completed in 3ms
20 timing npm:load:mkdirplogs Completed in 0ms
21 verbose title npm exec create-tauri-app@latest ./ --manager npm --template vanilla --identifier com.ism.googlechat --tauri-version 2 -f
22 verbose argv "exec" "--yes" "--" "create-tauri-app@latest" "./" "--manager" "npm" "--template" "vanilla" "--identifier" "com.ism.googlechat" "--tauri-version" "2" "-f"
23 timing npm:load:setTitle Completed in 1ms
24 timing npm:load:display Completed in 0ms
25 verbose logfile logs-max:10 dir:/home/maciek/google-chat/.npm/_logs/2026-04-18T20_29_27_339Z-
26 verbose logfile /home/maciek/google-chat/.npm/_logs/2026-04-18T20_29_27_339Z-debug-0.log
27 timing npm:load:logFile Completed in 8ms
28 timing npm:load:timers Completed in 0ms
29 timing npm:load:configScope Completed in 0ms
30 timing npm:load Completed in 36ms
31 silly logfile done cleaning log files
32 timing arborist:ctor Completed in 1ms
33 http fetch GET 200 https://registry.npmjs.org/create-tauri-app 106ms (cache revalidated)
34 timing arborist:ctor Completed in 0ms
35 timing arborist:ctor Completed in 0ms
36 timing arborist:ctor Completed in 0ms
37 timing command:exec Completed in 221ms
38 verbose exit 1
39 timing npm Completed in 375ms
40 verbose code 1
